{"type":"server-started","port":51076,"host":"127.0.0.1","url_host":"localhost","url":"http://localhost:51076/?key=c3fcf2a094205997730784dffaf82392a86e3da75802d19d4bd0a98b03ca3fd4","screen_dir":"P:\\CS7980\\Project-code\\cs7980-guide-mate\\.superpowers\\brainstorm\\32828-178329514617623\\content","state_dir":"P:\\CS7980\\Project-code\\cs7980-guide-mate\\.superpowers\\brainstorm\\32828-178329514617623\\state","idle_timeout_ms":14400000}
{"type":"screen-added","file":"P:\\CS7980\\Project-code\\cs7980-guide-mate\\.superpowers\\brainstorm\\32828-178329514617623\\content\\identity-directions-01.html"}
{"source":"user-event","type":"click","text":"Companion / approachable robot\n        GuideMateBuddy\n        Warmer, more expressive, still clearly a robot companion rather than a toy brand.\n      \n      :)\n      \n        \n        Request companion\n      \n    \n    \n      B. Buddy\n      Best if the dog-agent personality is central and the UI should make users smile first.","choice":"robot-companion","id":null,"timestamp":1783320489600}
{"source":"user-event","type":"click","text":"Companion / approachable robot\n        GuideMateBuddy\n        Warmer, more expressive, still clearly a robot companion rather than a toy brand.\n      \n      :)\n      \n        \n        Request companion\n      \n    \n    \n      B. Buddy\n      Best if the dog-agent personality is central and the UI should make users smile first.","choice":"robot-companion","id":null,"timestamp":1783320492966}
{"source":"user-event","type":"click","text":"Companion / approachable robot\n        GuideMateBuddy\n        Warmer, more expressive, still clearly a robot companion rather than a toy brand.\n      \n      :)\n      \n        \n        Request companion\n      \n    \n    \n      B. Buddy\n      Best if the dog-agent personality is central and the UI should make users smile first.","choice":"robot-companion","id":null,"timestamp":1783320500460}
{"source":"user-event","type":"click","text":"Companion / approachable robot\n        GuideMateBuddy\n        Warmer, more expressive, still clearly a robot companion rather than a toy brand.\n      \n      :)\n      \n        \n        Request companion\n      \n    \n    \n      B. Buddy\n      Best if the dog-agent personality is central and the UI should make users smile first.","choice":"robot-companion","id":null,"timestamp":1783320501843}
{"source":"user-event","type":"click","text":"Companion / approachable robot\n        GuideMateBuddy\n        Warmer, more expressive, still clearly a robot companion rather than a toy brand.\n      \n      :)\n      \n        \n        Request companion\n      \n    \n    \n      B. Buddy\n      Best if the dog-agent personality is central and the UI should make users smile first.","choice":"robot-companion","id":null,"timestamp":1783320502038}
{"source":"user-event","type":"click","text":"Companion / approachable robot\n        GuideMateBuddy\n        Warmer, more expressive, still clearly a robot companion rather than a toy brand.\n      \n      :)\n      \n        \n        Request companion\n      \n    \n    \n      B. Buddy\n      Best if the dog-agent personality is central and the UI should make users smile first.","choice":"robot-companion","id":null,"timestamp":1783320503049}
{"source":"user-event","type":"click","text":"Companion / approachable robot\n        GuideMateBuddy\n        Warmer, more expressive, still clearly a robot companion rather than a toy brand.\n      \n      :)\n      \n        \n        Request companion\n      \n    \n    \n      B. Buddy\n      Best if the dog-agent personality is central and the UI should make users smile first.","choice":"robot-companion","id":null,"timestamp":1783320523962}
{"source":"user-event","type":"click","text":"Companion / approachable robot\n        GuideMateBuddy\n        Warmer, more expressive, still clearly a robot companion rather than a toy brand.\n      \n      :)\n      \n        \n        Request companion\n      \n    \n    \n      B. Buddy\n      Best if the dog-agent personality is central and the UI should make users smile first.","choice":"robot-companion","id":null,"timestamp":1783320537030}
{"source":"user-event","type":"click","text":"Companion / approachable robot\n        GuideMateBuddy\n        Warmer, more expressive, still clearly a robot companion rather than a toy brand.\n      \n      :)\n      \n        \n        Request companion\n      \n    \n    \n      B. Buddy\n      Best if the dog-agent personality is central and the UI should make users smile first.","choice":"robot-companion","id":null,"timestamp":1783320537253}
{"source":"user-event","type":"click","text":"Companion / approachable robot\n        GuideMateBuddy\n        Warmer, more expressive, still clearly a robot companion rather than a toy brand.\n      \n      :)\n      \n        \n        Request companion\n      \n    \n    \n      B. Buddy\n      Best if the dog-agent personality is central and the UI should make users smile first.","choice":"robot-companion","id":null,"timestamp":1783320539058}
{"source":"user-event","type":"click","text":"Companion / approachable robot\n        GuideMateBuddy\n        Warmer, more expressive, still clearly a robot companion rather than a toy brand.\n      \n      :)\n      \n        \n        Request companion\n      \n    \n    \n      B. Buddy\n      Best if the dog-agent personality is central and the UI should make users smile first.","choice":"robot-companion","id":null,"timestamp":1783320540633}
{"source":"user-event","type":"click","text":"Companion / approachable robot\n        GuideMateBuddy\n        Warmer, more expressive, still clearly a robot companion rather than a toy brand.\n      \n      :)\n      \n        \n        Request companion\n      \n    \n    \n      B. Buddy\n      Best if the dog-agent personality is central and the UI should make users smile first.","choice":"robot-companion","id":null,"timestamp":1783320540843}
{"source":"user-event","type":"click","text":"Companion / approachable robot\n        GuideMateBuddy\n        Warmer, more expressive, still clearly a robot companion rather than a toy brand.\n      \n      :)\n      \n        \n        Request companion\n      \n    \n    \n      B. Buddy\n      Best if the dog-agent personality is central and the UI should make users smile first.","choice":"robot-companion","id":null,"timestamp":1783320541057}
{"source":"user-event","type":"click","text":"Companion / approachable robot\n        GuideMateBuddy\n        Warmer, more expressive, still clearly a robot companion rather than a toy brand.\n      \n      :)\n      \n        \n        Request companion\n      \n    \n    \n      B. Buddy\n      Best if the dog-agent personality is central and the UI should make users smile first.","choice":"robot-companion","id":null,"timestamp":1783320541628}
{"type":"screen-added","file":"P:\\CS7980\\Project-code\\cs7980-guide-mate\\.superpowers\\brainstorm\\32828-178329514617623\\content\\buddy-warmth-02.html"}
{"type":"screen-added","file":"P:\\CS7980\\Project-code\\cs7980-guide-mate\\.superpowers\\brainstorm\\32828-178329514617623\\content\\waiting-central-agent-03.html"}
{"type":"screen-added","file":"P:\\CS7980\\Project-code\\cs7980-guide-mate\\.superpowers\\brainstorm\\32828-178329514617623\\content\\concierge-agent-04.html"}
{"type":"screen-added","file":"P:\\CS7980\\Project-code\\cs7980-guide-mate\\.superpowers\\brainstorm\\32828-178329514617623\\content\\name-directions-05.html"}
{"type":"screen-added","file":"P:\\CS7980\\Project-code\\cs7980-guide-mate\\.superpowers\\brainstorm\\32828-178329514617623\\content\\husky-agent-names-06.html"}
{"type":"screen-added","file":"P:\\CS7980\\Project-code\\cs7980-guide-mate\\.superpowers\\brainstorm\\32828-178329514617623\\content\\king-husky-names-07.html"}
{"type":"screen-added","file":"P:\\CS7980\\Project-code\\cs7980-guide-mate\\.superpowers\\brainstorm\\32828-178329514617623\\content\\moses-neu-brand-08.html"}
{"source":"user-event","type":"click","text":"heritage conciergeM\n      \n        Moses\n        A knowledgeable campus concierge AI inspired by Northeastern's King Husky tradition.\n      \n      \n        I can find the right route, explain the campus history, or request a robot companion.\n        KnowledgeMapsRobotStaff\n      \n    \n    \n      A. Heritage Concierge\n      Best fit. Official-feeling without overclaiming; Moses is expert, warm, and rooted in campus history.","choice":"heritage-concierge","id":null,"timestamp":1783321875114}
{"source":"user-event","type":"click","text":"heritage conciergeM\n      \n        Moses\n        A knowledgeable campus concierge AI inspired by Northeastern's King Husky tradition.\n      \n      \n        I can find the right route, explain the campus history, or request a robot companion.\n        KnowledgeMapsRobotStaff\n      \n    \n    \n      A. Heritage Concierge\n      Best fit. Official-feeling without overclaiming; Moses is expert, warm, and rooted in campus history.","choice":"heritage-concierge","id":null,"timestamp":1783321882126}
{"source":"user-event","type":"click","text":"heritage conciergeM\n      \n        Moses\n        A knowledgeable campus concierge AI inspired by Northeastern's King Husky tradition.\n      \n      \n        I can find the right route, explain the campus history, or request a robot companion.\n        KnowledgeMapsRobotStaff\n      \n    \n    \n      A. Heritage Concierge\n      Best fit. Official-feeling without overclaiming; Moses is expert, warm, and rooted in campus history.","choice":"heritage-concierge","id":null,"timestamp":1783321885372}
{"type":"screen-added","file":"P:\\CS7980\\Project-code\\cs7980-guide-mate\\.superpowers\\brainstorm\\32828-178329514617623\\content\\moses-mockups-09.html"}
{"source":"user-event","type":"click","text":"M\n            Moses\n            Your Northeastern concierge AI: a campus-aware husky guide with knowledge, maps, voice, staff handoff, and robot tools.\n          \n          \n            Trusted\n            Open\n            Determined\n            Explorer\n          \n        \n      \n      \n        Identity Treatment\n        Custom Moses mark avoids overusing official marks while borrowing the Northeastern red/black/white rhythm.","choice":"identity-system","id":null,"timestamp":1783322254190}
{"type":"screen-added","file":"P:\\CS7980\\Project-code\\cs7980-guide-mate\\.superpowers\\brainstorm\\32828-178329514617623\\content\\moses-real-neu-mockups-10.html"}
{"type":"screen-updated","file":"P:\\CS7980\\Project-code\\cs7980-guide-mate\\.superpowers\\brainstorm\\32828-178329514617623\\content\\moses-real-neu-mockups-10.html"}
{"type":"screen-updated","file":"P:\\CS7980\\Project-code\\cs7980-guide-mate\\.superpowers\\brainstorm\\32828-178329514617623\\content\\moses-real-neu-mockups-10.html"}
{"type":"screen-added","file":"P:\\CS7980\\Project-code\\cs7980-guide-mate\\.superpowers\\brainstorm\\32828-178329514617623\\content\\moses-logo-directions-11.html"}
{"type":"screen-updated","file":"P:\\CS7980\\Project-code\\cs7980-guide-mate\\.superpowers\\brainstorm\\32828-178329514617623\\content\\moses-logo-directions-11.html"}
{"type":"screen-added","file":"P:\\CS7980\\Project-code\\cs7980-guide-mate\\.superpowers\\brainstorm\\32828-178329514617623\\content\\moses-logo-directions-12.html"}
{"type":"screen-updated","file":"P:\\CS7980\\Project-code\\cs7980-guide-mate\\.superpowers\\brainstorm\\32828-178329514617623\\content\\moses-logo-directions-12.html"}
{"type":"screen-updated","file":"P:\\CS7980\\Project-code\\cs7980-guide-mate\\.superpowers\\brainstorm\\32828-178329514617623\\content\\moses-logo-directions-12.html"}
{"source":"user-event","type":"click","text":"King Husky heritage concept\n      \n        \n          \n          \n            Moses\n            Campus-aware AI with Husky personality\n          \n        \n        \n          \n            \n            MosesKing Husky-inspired AI\n          \n          History\n        \n        \n          \n        \n      \n      Most personalityHigh contrastRed accent\n    \n    \n      B. Black Hero + Red Accent\n      Best for splash and hero moments. Keeps the confident black stage, but the red outline and Vancouver strip stop it feeling generic.","choice":"king-husky-head-lockup","id":null,"timestamp":1783323137184}
{"type":"screen-added","file":"P:\\CS7980\\Project-code\\cs7980-guide-mate\\.superpowers\\brainstorm\\32828-178329514617623\\content\\moses-logo-directions-13.html"}
{"type":"screen-updated","file":"P:\\CS7980\\Project-code\\cs7980-guide-mate\\.superpowers\\brainstorm\\32828-178329514617623\\content\\moses-logo-directions-13.html"}
{"type":"screen-updated","file":"P:\\CS7980\\Project-code\\cs7980-guide-mate\\.superpowers\\brainstorm\\32828-178329514617623\\content\\identity-directions-01.html"}
{"type":"screen-updated","file":"P:\\CS7980\\Project-code\\cs7980-guide-mate\\.superpowers\\brainstorm\\32828-178329514617623\\content\\buddy-warmth-02.html"}
{"type":"screen-updated","file":"P:\\CS7980\\Project-code\\cs7980-guide-mate\\.superpowers\\brainstorm\\32828-178329514617623\\content\\waiting-central-agent-03.html"}
{"type":"screen-updated","file":"P:\\CS7980\\Project-code\\cs7980-guide-mate\\.superpowers\\brainstorm\\32828-178329514617623\\content\\concierge-agent-04.html"}
{"type":"screen-updated","file":"P:\\CS7980\\Project-code\\cs7980-guide-mate\\.superpowers\\brainstorm\\32828-178329514617623\\content\\name-directions-05.html"}
{"type":"screen-updated","file":"P:\\CS7980\\Project-code\\cs7980-guide-mate\\.superpowers\\brainstorm\\32828-178329514617623\\content\\buddy-warmth-02.html"}
{"type":"screen-updated","file":"P:\\CS7980\\Project-code\\cs7980-guide-mate\\.superpowers\\brainstorm\\32828-178329514617623\\content\\concierge-agent-04.html"}
{"type":"screen-updated","file":"P:\\CS7980\\Project-code\\cs7980-guide-mate\\.superpowers\\brainstorm\\32828-178329514617623\\content\\husky-agent-names-06.html"}
{"type":"screen-updated","file":"P:\\CS7980\\Project-code\\cs7980-guide-mate\\.superpowers\\brainstorm\\32828-178329514617623\\content\\identity-directions-01.html"}
{"type":"screen-updated","file":"P:\\CS7980\\Project-code\\cs7980-guide-mate\\.superpowers\\brainstorm\\32828-178329514617623\\content\\king-husky-names-07.html"}
{"type":"screen-updated","file":"P:\\CS7980\\Project-code\\cs7980-guide-mate\\.superpowers\\brainstorm\\32828-178329514617623\\content\\moses-logo-directions-11.html"}
{"type":"screen-updated","file":"P:\\CS7980\\Project-code\\cs7980-guide-mate\\.superpowers\\brainstorm\\32828-178329514617623\\content\\moses-logo-directions-12.html"}
{"type":"screen-updated","file":"P:\\CS7980\\Project-code\\cs7980-guide-mate\\.superpowers\\brainstorm\\32828-178329514617623\\content\\moses-logo-directions-13.html"}
{"type":"screen-updated","file":"P:\\CS7980\\Project-code\\cs7980-guide-mate\\.superpowers\\brainstorm\\32828-178329514617623\\content\\moses-mockups-09.html"}
{"type":"screen-updated","file":"P:\\CS7980\\Project-code\\cs7980-guide-mate\\.superpowers\\brainstorm\\32828-178329514617623\\content\\moses-neu-brand-08.html"}
{"type":"screen-updated","file":"P:\\CS7980\\Project-code\\cs7980-guide-mate\\.superpowers\\brainstorm\\32828-178329514617623\\content\\moses-real-neu-mockups-10.html"}
{"type":"screen-updated","file":"P:\\CS7980\\Project-code\\cs7980-guide-mate\\.superpowers\\brainstorm\\32828-178329514617623\\content\\name-directions-05.html"}
{"type":"screen-updated","file":"P:\\CS7980\\Project-code\\cs7980-guide-mate\\.superpowers\\brainstorm\\32828-178329514617623\\content\\waiting-central-agent-03.html"}
{"type":"screen-updated","file":"P:\\CS7980\\Project-code\\cs7980-guide-mate\\.superpowers\\brainstorm\\32828-178329514617623\\content\\buddy-warmth-02.html"}
{"type":"screen-updated","file":"P:\\CS7980\\Project-code\\cs7980-guide-mate\\.superpowers\\brainstorm\\32828-178329514617623\\content\\concierge-agent-04.html"}
{"type":"screen-updated","file":"P:\\CS7980\\Project-code\\cs7980-guide-mate\\.superpowers\\brainstorm\\32828-178329514617623\\content\\husky-agent-names-06.html"}
{"type":"screen-updated","file":"P:\\CS7980\\Project-code\\cs7980-guide-mate\\.superpowers\\brainstorm\\32828-178329514617623\\content\\identity-directions-01.html"}
{"type":"screen-updated","file":"P:\\CS7980\\Project-code\\cs7980-guide-mate\\.superpowers\\brainstorm\\32828-178329514617623\\content\\king-husky-names-07.html"}
{"type":"screen-updated","file":"P:\\CS7980\\Project-code\\cs7980-guide-mate\\.superpowers\\brainstorm\\32828-178329514617623\\content\\moses-logo-directions-11.html"}
{"type":"screen-updated","file":"P:\\CS7980\\Project-code\\cs7980-guide-mate\\.superpowers\\brainstorm\\32828-178329514617623\\content\\moses-logo-directions-12.html"}
{"type":"screen-updated","file":"P:\\CS7980\\Project-code\\cs7980-guide-mate\\.superpowers\\brainstorm\\32828-178329514617623\\content\\moses-logo-directions-13.html"}
{"type":"screen-updated","file":"P:\\CS7980\\Project-code\\cs7980-guide-mate\\.superpowers\\brainstorm\\32828-178329514617623\\content\\moses-mockups-09.html"}
{"type":"screen-updated","file":"P:\\CS7980\\Project-code\\cs7980-guide-mate\\.superpowers\\brainstorm\\32828-178329514617623\\content\\moses-neu-brand-08.html"}
{"type":"screen-updated","file":"P:\\CS7980\\Project-code\\cs7980-guide-mate\\.superpowers\\brainstorm\\32828-178329514617623\\content\\moses-real-neu-mockups-10.html"}
{"type":"screen-updated","file":"P:\\CS7980\\Project-code\\cs7980-guide-mate\\.superpowers\\brainstorm\\32828-178329514617623\\content\\name-directions-05.html"}
{"type":"screen-updated","file":"P:\\CS7980\\Project-code\\cs7980-guide-mate\\.superpowers\\brainstorm\\32828-178329514617623\\content\\waiting-central-agent-03.html"}
{"type":"screen-updated","file":"P:\\CS7980\\Project-code\\cs7980-guide-mate\\.superpowers\\brainstorm\\32828-178329514617623\\content\\buddy-warmth-02.html"}
{"type":"screen-updated","file":"P:\\CS7980\\Project-code\\cs7980-guide-mate\\.superpowers\\brainstorm\\32828-178329514617623\\content\\concierge-agent-04.html"}
{"type":"screen-updated","file":"P:\\CS7980\\Project-code\\cs7980-guide-mate\\.superpowers\\brainstorm\\32828-178329514617623\\content\\husky-agent-names-06.html"}
{"type":"screen-updated","file":"P:\\CS7980\\Project-code\\cs7980-guide-mate\\.superpowers\\brainstorm\\32828-178329514617623\\content\\identity-directions-01.html"}
{"type":"screen-updated","file":"P:\\CS7980\\Project-code\\cs7980-guide-mate\\.superpowers\\brainstorm\\32828-178329514617623\\content\\king-husky-names-07.html"}
{"type":"screen-updated","file":"P:\\CS7980\\Project-code\\cs7980-guide-mate\\.superpowers\\brainstorm\\32828-178329514617623\\content\\moses-logo-directions-11.html"}
{"type":"screen-updated","file":"P:\\CS7980\\Project-code\\cs7980-guide-mate\\.superpowers\\brainstorm\\32828-178329514617623\\content\\moses-logo-directions-12.html"}
{"type":"screen-updated","file":"P:\\CS7980\\Project-code\\cs7980-guide-mate\\.superpowers\\brainstorm\\32828-178329514617623\\content\\moses-logo-directions-13.html"}
{"type":"screen-updated","file":"P:\\CS7980\\Project-code\\cs7980-guide-mate\\.superpowers\\brainstorm\\32828-178329514617623\\content\\moses-mockups-09.html"}
{"type":"screen-updated","file":"P:\\CS7980\\Project-code\\cs7980-guide-mate\\.superpowers\\brainstorm\\32828-178329514617623\\content\\moses-neu-brand-08.html"}
{"type":"screen-updated","file":"P:\\CS7980\\Project-code\\cs7980-guide-mate\\.superpowers\\brainstorm\\32828-178329514617623\\content\\moses-real-neu-mockups-10.html"}
{"type":"screen-updated","file":"P:\\CS7980\\Project-code\\cs7980-guide-mate\\.superpowers\\brainstorm\\32828-178329514617623\\content\\name-directions-05.html"}
{"type":"screen-updated","file":"P:\\CS7980\\Project-code\\cs7980-guide-mate\\.superpowers\\brainstorm\\32828-178329514617623\\content\\waiting-central-agent-03.html"}
{"type":"screen-updated","file":"P:\\CS7980\\Project-code\\cs7980-guide-mate\\.superpowers\\brainstorm\\32828-178329514617623\\content\\buddy-warmth-02.html"}
{"type":"screen-updated","file":"P:\\CS7980\\Project-code\\cs7980-guide-mate\\.superpowers\\brainstorm\\32828-178329514617623\\content\\concierge-agent-04.html"}
{"type":"screen-updated","file":"P:\\CS7980\\Project-code\\cs7980-guide-mate\\.superpowers\\brainstorm\\32828-178329514617623\\content\\husky-agent-names-06.html"}
{"type":"screen-updated","file":"P:\\CS7980\\Project-code\\cs7980-guide-mate\\.superpowers\\brainstorm\\32828-178329514617623\\content\\identity-directions-01.html"}
{"type":"screen-updated","file":"P:\\CS7980\\Project-code\\cs7980-guide-mate\\.superpowers\\brainstorm\\32828-178329514617623\\content\\king-husky-names-07.html"}
{"type":"screen-updated","file":"P:\\CS7980\\Project-code\\cs7980-guide-mate\\.superpowers\\brainstorm\\32828-178329514617623\\content\\moses-logo-directions-11.html"}
{"type":"screen-updated","file":"P:\\CS7980\\Project-code\\cs7980-guide-mate\\.superpowers\\brainstorm\\32828-178329514617623\\content\\moses-logo-directions-12.html"}
{"type":"screen-updated","file":"P:\\CS7980\\Project-code\\cs7980-guide-mate\\.superpowers\\brainstorm\\32828-178329514617623\\content\\moses-logo-directions-13.html"}
{"type":"screen-updated","file":"P:\\CS7980\\Project-code\\cs7980-guide-mate\\.superpowers\\brainstorm\\32828-178329514617623\\content\\moses-mockups-09.html"}
{"type":"screen-updated","file":"P:\\CS7980\\Project-code\\cs7980-guide-mate\\.superpowers\\brainstorm\\32828-178329514617623\\content\\moses-neu-brand-08.html"}
{"type":"screen-updated","file":"P:\\CS7980\\Project-code\\cs7980-guide-mate\\.superpowers\\brainstorm\\32828-178329514617623\\content\\moses-real-neu-mockups-10.html"}
{"type":"screen-updated","file":"P:\\CS7980\\Project-code\\cs7980-guide-mate\\.superpowers\\brainstorm\\32828-178329514617623\\content\\name-directions-05.html"}
{"type":"screen-updated","file":"P:\\CS7980\\Project-code\\cs7980-guide-mate\\.superpowers\\brainstorm\\32828-178329514617623\\content\\waiting-central-agent-03.html"}
{"type":"screen-updated","file":"P:\\CS7980\\Project-code\\cs7980-guide-mate\\.superpowers\\brainstorm\\32828-178329514617623\\content\\buddy-warmth-02.html"}
{"type":"screen-updated","file":"P:\\CS7980\\Project-code\\cs7980-guide-mate\\.superpowers\\brainstorm\\32828-178329514617623\\content\\concierge-agent-04.html"}
{"type":"screen-updated","file":"P:\\CS7980\\Project-code\\cs7980-guide-mate\\.superpowers\\brainstorm\\32828-178329514617623\\content\\husky-agent-names-06.html"}
{"type":"screen-updated","file":"P:\\CS7980\\Project-code\\cs7980-guide-mate\\.superpowers\\brainstorm\\32828-178329514617623\\content\\identity-directions-01.html"}
{"type":"screen-updated","file":"P:\\CS7980\\Project-code\\cs7980-guide-mate\\.superpowers\\brainstorm\\32828-178329514617623\\content\\king-husky-names-07.html"}
{"type":"screen-updated","file":"P:\\CS7980\\Project-code\\cs7980-guide-mate\\.superpowers\\brainstorm\\32828-178329514617623\\content\\moses-logo-directions-11.html"}
{"type":"screen-updated","file":"P:\\CS7980\\Project-code\\cs7980-guide-mate\\.superpowers\\brainstorm\\32828-178329514617623\\content\\moses-logo-directions-12.html"}
{"type":"screen-updated","file":"P:\\CS7980\\Project-code\\cs7980-guide-mate\\.superpowers\\brainstorm\\32828-178329514617623\\content\\moses-logo-directions-13.html"}
{"type":"screen-updated","file":"P:\\CS7980\\Project-code\\cs7980-guide-mate\\.superpowers\\brainstorm\\32828-178329514617623\\content\\moses-mockups-09.html"}
{"type":"screen-updated","file":"P:\\CS7980\\Project-code\\cs7980-guide-mate\\.superpowers\\brainstorm\\32828-178329514617623\\content\\moses-neu-brand-08.html"}
{"type":"screen-updated","file":"P:\\CS7980\\Project-code\\cs7980-guide-mate\\.superpowers\\brainstorm\\32828-178329514617623\\content\\moses-real-neu-mockups-10.html"}
{"type":"screen-updated","file":"P:\\CS7980\\Project-code\\cs7980-guide-mate\\.superpowers\\brainstorm\\32828-178329514617623\\content\\name-directions-05.html"}
{"type":"screen-updated","file":"P:\\CS7980\\Project-code\\cs7980-guide-mate\\.superpowers\\brainstorm\\32828-178329514617623\\content\\waiting-central-agent-03.html"}
